
Running 25 tests using 1 worker

  Ô£ÿ   1 [chromium-vercel] ÔÇ║ tests\e2e\admin-pages-vercel-500.spec.ts:82:7 ÔÇ║ Admin Pages - No 500 Errors (Vercel PostgreSQL) ÔÇ║ login as admin succeeds (35.7s)
  Ô£ÿ   2 [chromium-vercel] ÔÇ║ tests\e2e\admin-pages-vercel-500.spec.ts:82:7 ÔÇ║ Admin Pages - No 500 Errors (Vercel PostgreSQL) ÔÇ║ login as admin succeeds (retry #1) (36.3s)
  Ô£ÿ   3 [chromium-vercel] ÔÇ║ tests\e2e\admin-pages-vercel-500.spec.ts:91:9 ÔÇ║ Admin Pages - No 500 Errors (Vercel PostgreSQL) ÔÇ║ Admin Dashboard (/admin) loads without 500 (44.3s)
  Ô£ÿ   4 [chromium-vercel] ÔÇ║ tests\e2e\admin-pages-vercel-500.spec.ts:91:9 ÔÇ║ Admin Pages - No 500 Errors (Vercel PostgreSQL) ÔÇ║ Admin Dashboard (/admin) loads without 500 (retry #1) (38.0s)
  Ô£ÿ   5 [chromium-vercel] ÔÇ║ tests\e2e\admin-pages-vercel-500.spec.ts:91:9 ÔÇ║ Admin Pages - No 500 Errors (Vercel PostgreSQL) ÔÇ║ Auctions List (/admin/auctions) loads without 500 (38.3s)
  Ô£ÿ   6 [chromium-vercel] ÔÇ║ tests\e2e\admin-pages-vercel-500.spec.ts:91:9 ÔÇ║ Admin Pages - No 500 Errors (Vercel PostgreSQL) ÔÇ║ Auctions List (/admin/auctions) loads without 500 (retry #1) (40.8s)
  Ô£ÿ   7 [chromium-vercel] ÔÇ║ tests\e2e\admin-pages-vercel-500.spec.ts:91:9 ÔÇ║ Admin Pages - No 500 Errors (Vercel PostgreSQL) ÔÇ║ Lots List (/admin/lots) loads without 500 (41.5s)
  Ô£ÿ   8 [chromium-vercel] ÔÇ║ tests\e2e\admin-pages-vercel-500.spec.ts:91:9 ÔÇ║ Admin Pages - No 500 Errors (Vercel PostgreSQL) ÔÇ║ Lots List (/admin/lots) loads without 500 (retry #1) (37.8s)
  Ô£ÿ   9 [chromium-vercel] ÔÇ║ tests\e2e\admin-pages-vercel-500.spec.ts:91:9 ÔÇ║ Admin Pages - No 500 Errors (Vercel PostgreSQL) ÔÇ║ Sellers List (/admin/sellers) loads without 500 (37.9s)
  Ô£ÿ  10 [chromium-vercel] ÔÇ║ tests\e2e\admin-pages-vercel-500.spec.ts:91:9 ÔÇ║ Admin Pages - No 500 Errors (Vercel PostgreSQL) ÔÇ║ Sellers List (/admin/sellers) loads without 500 (retry #1) (38.5s)
  Ô£ÿ  11 [chromium-vercel] ÔÇ║ tests\e2e\admin-pages-vercel-500.spec.ts:91:9 ÔÇ║ Admin Pages - No 500 Errors (Vercel PostgreSQL) ÔÇ║ Categories List (/admin/categories) loads without 500 (38.6s)
  Ô£ÿ  12 [chromium-vercel] ÔÇ║ tests\e2e\admin-pages-vercel-500.spec.ts:91:9 ÔÇ║ Admin Pages - No 500 Errors (Vercel PostgreSQL) ÔÇ║ Categories List (/admin/categories) loads without 500 (retry #1) (42.2s)
  Ô£ÿ  13 [chromium-vercel] ÔÇ║ tests\e2e\admin-pages-vercel-500.spec.ts:91:9 ÔÇ║ Admin Pages - No 500 Errors (Vercel PostgreSQL) ÔÇ║ States List (/admin/states) loads without 500 (38.4s)
  Ô£ÿ  14 [chromium-vercel] ÔÇ║ tests\e2e\admin-pages-vercel-500.spec.ts:91:9 ÔÇ║ Admin Pages - No 500 Errors (Vercel PostgreSQL) ÔÇ║ States List (/admin/states) loads without 500 (retry #1) (37.8s)
  Ô£ÿ  15 [chromium-vercel] ÔÇ║ tests\e2e\admin-pages-vercel-500.spec.ts:91:9 ÔÇ║ Admin Pages - No 500 Errors (Vercel PostgreSQL) ÔÇ║ Cities List (/admin/cities) loads without 500 (38.3s)
  Ô£ÿ  16 [chromium-vercel] ÔÇ║ tests\e2e\admin-pages-vercel-500.spec.ts:91:9 ÔÇ║ Admin Pages - No 500 Errors (Vercel PostgreSQL) ÔÇ║ Cities List (/admin/cities) loads without 500 (retry #1) (40.2s)
  Ô£ÿ  17 [chromium-vercel] ÔÇ║ tests\e2e\admin-pages-vercel-500.spec.ts:91:9 ÔÇ║ Admin Pages - No 500 Errors (Vercel PostgreSQL) ÔÇ║ Courts List (/admin/courts) loads without 500 (38.3s)
  Ô£ÿ  18 [chromium-vercel] ÔÇ║ tests\e2e\admin-pages-vercel-500.spec.ts:91:9 ÔÇ║ Admin Pages - No 500 Errors (Vercel PostgreSQL) ÔÇ║ Courts List (/admin/courts) loads without 500 (retry #1) (37.8s)
  Ô£ÿ  19 [chromium-vercel] ÔÇ║ tests\e2e\admin-pages-vercel-500.spec.ts:91:9 ÔÇ║ Admin Pages - No 500 Errors (Vercel PostgreSQL) ÔÇ║ Judicial Districts (/admin/judicial-districts) loads without 500 (40.7s)
  Ô£ÿ  20 [chromium-vercel] ÔÇ║ tests\e2e\admin-pages-vercel-500.spec.ts:91:9 ÔÇ║ Admin Pages - No 500 Errors (Vercel PostgreSQL) ÔÇ║ Judicial Districts (/admin/judicial-districts) loads without 500 (retry #1) (37.7s)
  Ô£ÿ  21 [chromium-vercel] ÔÇ║ tests\e2e\admin-pages-vercel-500.spec.ts:91:9 ÔÇ║ Admin Pages - No 500 Errors (Vercel PostgreSQL) ÔÇ║ Judicial Branches (/admin/judicial-branches) loads without 500 (37.9s)
