[AI_REPORTER] Execução iniciada em 2026-03-14T11:59:05.167Z

═══════════════════════════════════════════════════════════
[AI_SUMMARY]
  STATUS: FAILED
  TOTAL: 0
  PASSED: 0
  FAILED: 0
  SKIPPED: 0
  DURATION: 0s
  SUCCESS_RATE: 0%
═══════════════════════════════════════════════════════════