2025-09-15 10:00:00 - Installing date-fns-tz: 10%
2025-09-15 10:05:00 - Creating src/lib/timezone.ts: 20%
2025-09-15 10:10:00 - Updating src/services/seller.service.ts: 30%
2025-09-15 10:15:00 - Updating src/services/lot.service.ts: 40%
2025-09-15 10:20:00 - Updating src/services/auctioneer.service.ts: 50%
2025-09-15 10:25:00 - Updating src/services/auction.service.ts: 60%
2025-09-15 10:30:00 - Updating src/app/dashboard/overview/actions.ts: 65%
2025-09-15 10:35:00 - Updating src/app/checkout/[winId]/actions.ts: 70%
2025-09-15 10:40:00 - Updating src/app/consignor-dashboard/reports/actions.ts: 75%
2025-09-15 10:45:00 - Updating src/app/admin/reports/actions.ts: 80%
2025-09-15 10:50:00 - Updating src/app/admin/auctions/analysis/actions.ts: 85%
2025-09-15 10:55:00 - Updating src/app/auctions/[auctionId]/lots/[lotId]/actions.ts: 90%
2025-09-15 11:00:00 - Updating src/app/terms/page.tsx: 91%
2025-09-15 11:05:00 - Updating src/app/privacy/page.tsx: 92%
2025-09-15 11:10:00 - Reviewing src/app/page.tsx: 93%
2025-09-15 11:15:00 - Updating src/app/sellers/page.tsx: 94%
2025-09-15 11:20:00 - Reviewing src/app/search/page.tsx: 95%
2025-09-15 11:25:00 - Updating src/app/profile/page.tsx: 96%
2025-09-15 11:30:00 - Reviewing src/app/live-dashboard/page.tsx: 97%
2025-09-15 11:35:00 - Updating src/app/direct-sales/[offerId]/offer-detail-client.tsx: 98%
2025-09-15 11:40:00 - Updating src/app/dashboard/wins/page.tsx: 99%