LOG: %cDownload the React DevTools for a better development experience: https://reactjs.org/link/react-devtools font-weight:bold
LOG: FRONTEND: handleLogin triggered! {email: admin@bidexpert.com.br, password: Admin@123, tenantId: 1}
LOG: FRONTEND: About to call login Server Action with values: {email: admin@bidexpert.com.br, password: Admin@123, tenantId: 1}
Cookies after login: [ 'session', 'magic_cookie_test' ]
LOG: FRONTEND: login Server Action returned: {success: true, message: Login bem-sucedido!, user: Object}
